// Jest Snapshot v1, https://goo.gl/fbAQLP

exports[`InsertBox renders correctly 1`] = `
<styled.div>
  <TextContainer
    onClick={[Function]}
  >
    <styled.span>
      What do you think ?
    </styled.span>
  </TextContainer>
</styled.div>
`;
